2026-06-04 18:54:00,793 [INFO] root: Starting FIFA World Cup 2026 Bot
2026-06-04 18:54:00,794 [INFO] src.database: Database initialized at /home/nico/Documentos/bot-telegram/data/bot.db
2026-06-04 18:54:00,795 [INFO] __main__: Matches already imported
2026-06-04 18:54:00,935 [INFO] __main__: Bot started polling
2026-06-04 18:54:01,699 [INFO] apscheduler.scheduler: Adding job tentatively -- it will be properly scheduled when the scheduler starts
2026-06-04 18:54:01,700 [INFO] apscheduler.scheduler: Adding job tentatively -- it will be properly scheduled when the scheduler starts
2026-06-04 18:54:01,701 [INFO] apscheduler.scheduler: Added job "check_match_reminders" to job store "default"
2026-06-04 18:54:01,702 [INFO] apscheduler.scheduler: Added job "check_daily_summaries" to job store "default"
2026-06-04 18:54:01,702 [INFO] apscheduler.scheduler: Scheduler started
2026-06-04 18:54:01,702 [INFO] __main__: Schedulers started
2026-06-04 18:54:01,952 [INFO] apscheduler.scheduler: Scheduler started
2026-06-04 18:54:01,952 [INFO] telegram.ext.Application: Application started
2026-06-04 18:54:03,419 [ERROR] __main__: Unhandled error: Query is too old and response timeout expired or query id is invalid
Traceback (most recent call last):
  File "/home/nico/.local/lib/python3.13/site-packages/telegram/ext/_application.py", line 1325, in process_update
    await coroutine
  File "/home/nico/.local/lib/python3.13/site-packages/telegram/ext/_handlers/basehandler.py", line 158, in handle_update
    return await self.callback(update, context)
           ^^^^^^^^^^^^^^^^^^^^^^^^^^^^^^^^^^^^
  File "/home/nico/Documentos/bot-telegram/src/command_handlers.py", line 275, in callback_handler
    await query.answer()
  File "/home/nico/.local/lib/python3.13/site-packages/telegram/_callbackquery.py", line 190, in answer
    return await self.get_bot().answer_callback_query(
           ^^^^^^^^^^^^^^^^^^^^^^^^^^^^^^^^^^^^^^^^^^^
    ...<10 lines>...
    )
    ^
  File "/home/nico/.local/lib/python3.13/site-packages/telegram/ext/_extbot.py", line 938, in answer_callback_query
    return await super().answer_callback_query(
           ^^^^^^^^^^^^^^^^^^^^^^^^^^^^^^^^^^^^
    ...<10 lines>...
    )
    ^
  File "/home/nico/.local/lib/python3.13/site-packages/telegram/_bot.py", line 4057, in answer_callback_query
    return await self._post(
           ^^^^^^^^^^^^^^^^^
    ...<7 lines>...
    )
    ^
  File "/home/nico/.local/lib/python3.13/site-packages/telegram/_bot.py", line 619, in _post
    return await self._do_post(
           ^^^^^^^^^^^^^^^^^^^^
    ...<6 lines>...
    )
    ^
  File "/home/nico/.local/lib/python3.13/site-packages/telegram/ext/_extbot.py", line 354, in _do_post
    return await super()._do_post(
           ^^^^^^^^^^^^^^^^^^^^^^^
    ...<6 lines>...
    )
    ^
  File "/home/nico/.local/lib/python3.13/site-packages/telegram/_bot.py", line 648, in _do_post
    result = await request.post(
             ^^^^^^^^^^^^^^^^^^^
    ...<6 lines>...
    )
    ^
  File "/home/nico/.local/lib/python3.13/site-packages/telegram/request/_baserequest.py", line 202, in post
    result = await self._request_wrapper(
             ^^^^^^^^^^^^^^^^^^^^^^^^^^^^
    ...<7 lines>...
    )
    ^
  File "/home/nico/.local/lib/python3.13/site-packages/telegram/request/_baserequest.py", line 383, in _request_wrapper
    raise BadRequest(message)
telegram.error.BadRequest: Query is too old and response timeout expired or query id is invalid
2026-06-04 18:54:03,797 [ERROR] __main__: Unhandled error: Query is too old and response timeout expired or query id is invalid
Traceback (most recent call last):
  File "/home/nico/.local/lib/python3.13/site-packages/telegram/ext/_application.py", line 1325, in process_update
    await coroutine
  File "/home/nico/.local/lib/python3.13/site-packages/telegram/ext/_handlers/basehandler.py", line 158, in handle_update
    return await self.callback(update, context)
           ^^^^^^^^^^^^^^^^^^^^^^^^^^^^^^^^^^^^
  File "/home/nico/Documentos/bot-telegram/src/command_handlers.py", line 275, in callback_handler
    await query.answer()
  File "/home/nico/.local/lib/python3.13/site-packages/telegram/_callbackquery.py", line 190, in answer
    return await self.get_bot().answer_callback_query(
           ^^^^^^^^^^^^^^^^^^^^^^^^^^^^^^^^^^^^^^^^^^^
    ...<10 lines>...
    )
    ^
  File "/home/nico/.local/lib/python3.13/site-packages/telegram/ext/_extbot.py", line 938, in answer_callback_query
    return await super().answer_callback_query(
           ^^^^^^^^^^^^^^^^^^^^^^^^^^^^^^^^^^^^
    ...<10 lines>...
    )
    ^
  File "/home/nico/.local/lib/python3.13/site-packages/telegram/_bot.py", line 4057, in answer_callback_query
    return await self._post(
           ^^^^^^^^^^^^^^^^^
    ...<7 lines>...
    )
    ^
  File "/home/nico/.local/lib/python3.13/site-packages/telegram/_bot.py", line 619, in _post
    return await self._do_post(
           ^^^^^^^^^^^^^^^^^^^^
    ...<6 lines>...
    )
    ^
  File "/home/nico/.local/lib/python3.13/site-packages/telegram/ext/_extbot.py", line 354, in _do_post
    return await super()._do_post(
           ^^^^^^^^^^^^^^^^^^^^^^^
    ...<6 lines>...
    )
    ^
  File "/home/nico/.local/lib/python3.13/site-packages/telegram/_bot.py", line 648, in _do_post
    result = await request.post(
             ^^^^^^^^^^^^^^^^^^^
    ...<6 lines>...
    )
    ^
  File "/home/nico/.local/lib/python3.13/site-packages/telegram/request/_baserequest.py", line 202, in post
    result = await self._request_wrapper(
             ^^^^^^^^^^^^^^^^^^^^^^^^^^^^
    ...<7 lines>...
    )
    ^
  File "/home/nico/.local/lib/python3.13/site-packages/telegram/request/_baserequest.py", line 383, in _request_wrapper
    raise BadRequest(message)
telegram.error.BadRequest: Query is too old and response timeout expired or query id is invalid
2026-06-04 18:54:10,827 [INFO] telegram.ext.Application: Application is stopping. This might take a moment.
2026-06-04 18:54:10,828 [INFO] apscheduler.scheduler: Scheduler has been shut down
2026-06-04 18:54:10,839 [INFO] telegram.ext.Application: Application.stop() complete
